---
source: pest/src/error.rs
expression: error
---
 --> 2:2
  |
2 | cd
  |  ^---
  |
  = expected 1 or 2
