---
source: pest/src/error.rs
expression: error
---
 --> 2:2
  |
2 | cd
3 | efgh
  |  ^^
  |
  = error: big one
