---
source: pest/src/error.rs
expression: error
---
 --> 1:1
  |
1 | abcdef␊
  | ^-----^
  |
  = error: big one
