---
source: meta/src/ast.rs
expression: top_down.next()
---
None
