---
source: meta/src/optimizer/mod.rs
expression: optimize(rules)
---
[
    OptimizedRule {
        name: "rule",
        ty: Atomic,
        expr: Str(
            "abcd",
        ),
    },
]
