---
source: pest/src/iterators/pairs.rs
expression: pairs
---
[
    Pair {
        rule: a,
        span: Span {
            str: "abc",
            start: 0,
            end: 3,
        },
        inner: [
            Pair {
                rule: b,
                span: Span {
                    str: "b",
                    start: 1,
                    end: 2,
                },
                inner: [],
            },
        ],
    },
    Pair {
        rule: c,
        span: Span {
            str: "e",
            start: 4,
            end: 5,
        },
        inner: [],
    },
]
